( ( int main ( ) { ( int a [ 10 ] = { 1 , 2 , 3 , 4 , 5 , 6 , 7 , 8 , 9 , 10 } ; ) ( int b = ( ( ( a [ 1 ] ) + ( a [ 2 ] ) ) - ( a [ 3 ] ) ) ; ) ( return 0 ; ) } ) )
