( ( int main ( ) { ( int a [ 100 ] ; ) ( int i = 0 ; ) ( for ( i = 0 ; ( i < 100 ) ; ( i ++ ) ) ( { ( ( a [ i ] ) = ( i + 1 ) ; ) } ) ) ( while ( ( i > 0 ) ) ( { ( ( i -- ) ; ) ( ( a [ i ] ) = ( i - 1 ) ; ) } ) ) ( return 0 ; ) } ) )
